// Jest Snapshot v1, https://goo.gl/fbAQLP

exports[`commitlint-config config matches snapshot 1`] = `
Object {
  "body-leading-blank": Array [
    1,
    "always",
  ],
  "footer-leading-blank": Array [
    1,
    "always",
  ],
  "header-max-length": Array [
    2,
    "always",
    72,
  ],
  "subject-empty": Array [
    2,
    "never",
  ],
  "type-case": Array [
    2,
    "always",
    "lower-case",
  ],
  "type-empty": Array [
    2,
    "never",
  ],
  "type-enum": Array [
    2,
    "always",
    Array [
      "wip",
      "feat",
      "fix",
      "cr",
      "style",
      "refactor",
      "perf",
      "docs",
      "test",
      "revert",
      "build",
      "ci",
      "chore",
    ],
  ],
}
`;
